22:25:04 **** Incremental Build of configuration Debug for project ButtonLeds ****
make -j4 all 
arm-none-eabi-gcc "../Src/main.c" -mcpu=cortex-m3 -std=gnu11 -g3 -DSTM32 -DSTM32F2 -DNUCLEO_F207ZG -DDEBUG -DSTM32F207ZGTx -c -I../Inc -O0 -ffunction-sections -fdata-sections -Wall -fstack-usage -MMD -MP -MF"Src/main.d" -MT"Src/main.o" --specs=nano.specs -mfloat-abi=soft -mthumb -o "Src/main.o"
../Src/main.c: In function 'main':
../Src/main.c:72:7: warning: unused variable 'flag' [-Wunused-variable]
  char flag = 0;
       ^~~~
arm-none-eabi-gcc -o "ButtonLeds.elf" @"objects.list"   -mcpu=cortex-m3 -T"/home/bass/embedded_c/target/ButtonLeds/STM32F207ZGTX_FLASH.ld" --specs=nosys.specs -Wl,-Map="ButtonLeds.map" -Wl,--gc-sections -static --specs=nano.specs -mfloat-abi=soft -mthumb -Wl,--start-group -lc -lm -Wl,--end-group
Finished building target: ButtonLeds.elf
 
arm-none-eabi-objdump -h -S  ButtonLeds.elf  > "ButtonLeds.list"
arm-none-eabi-objcopy  -O binary  ButtonLeds.elf  "ButtonLeds.bin"
arm-none-eabi-size   ButtonLeds.elf 
   text	   data	    bss	    dec	    hex	filename
   4860	    108	   1580	   6548	   1994	ButtonLeds.elf
Finished building: default.size.stdout
 
Finished building: ButtonLeds.bin
 
Finished building: ButtonLeds.list
 

22:25:04 Build Finished. 0 errors, 1 warnings. (took 581ms)

