14:25:30 **** Build of configuration Debug for project 000TestProject ****
make -j4 all 
arm-none-eabi-gcc -mcpu=cortex-m3 -g3 -c -x assembler-with-cpp -MMD -MP -MF"Startup/startup_stm32f207zgtx.d" -MT"Startup/startup_stm32f207zgtx.o" --specs=nano.specs -mfloat-abi=soft -mthumb -o "Startup/startup_stm32f207zgtx.o" "../Startup/startup_stm32f207zgtx.s"
arm-none-eabi-gcc "../Src/main.c" -mcpu=cortex-m3 -std=gnu11 -g3 -DSTM32 -DSTM32F2 -DNUCLEO_F207ZG -DDEBUG -DSTM32F207ZGTx -c -I../Inc -O0 -ffunction-sections -fdata-sections -Wall -fstack-usage -MMD -MP -MF"Src/main.d" -MT"Src/main.o" --specs=nano.specs -mfloat-abi=soft -mthumb -o "Src/main.o"
arm-none-eabi-gcc "../Src/syscalls.c" -mcpu=cortex-m3 -std=gnu11 -g3 -DSTM32 -DSTM32F2 -DNUCLEO_F207ZG -DDEBUG -DSTM32F207ZGTx -c -I../Inc -O0 -ffunction-sections -fdata-sections -Wall -fstack-usage -MMD -MP -MF"Src/syscalls.d" -MT"Src/syscalls.o" --specs=nano.specs -mfloat-abi=soft -mthumb -o "Src/syscalls.o"
arm-none-eabi-gcc "../Src/sysmem.c" -mcpu=cortex-m3 -std=gnu11 -g3 -DSTM32 -DSTM32F2 -DNUCLEO_F207ZG -DDEBUG -DSTM32F207ZGTx -c -I../Inc -O0 -ffunction-sections -fdata-sections -Wall -fstack-usage -MMD -MP -MF"Src/sysmem.d" -MT"Src/sysmem.o" --specs=nano.specs -mfloat-abi=soft -mthumb -o "Src/sysmem.o"
arm-none-eabi-gcc -o "000TestProject.elf" @"objects.list"   -mcpu=cortex-m3 -T"/home/jsf/embedded_c/embedded_c/target/000TestProject/STM32F207ZGTX_FLASH.ld" --specs=nosys.specs -Wl,-Map="000TestProject.map" -Wl,--gc-sections -static --specs=nano.specs -mfloat-abi=soft -mthumb -Wl,--start-group -lc -lm -Wl,--end-group
Finished building target: 000TestProject.elf
 
arm-none-eabi-size   000TestProject.elf 
arm-none-eabi-objdump -h -S  000TestProject.elf  > "000TestProject.list"
arm-none-eabi-objcopy  -O binary  000TestProject.elf  "000TestProject.bin"
   text	   data	    bss	    dec	    hex	filename
    640	      8	   1568	   2216	    8a8	000TestProject.elf
Finished building: default.size.stdout
 
Finished building: 000TestProject.bin
 
Finished building: 000TestProject.list
 
