Archive member included to satisfy reference by file (symbol)

/opt/stm32cubeide/plugins/com.st.stm32cube.ide.mcu.externaltools.gnu-tools-for-stm32.7-2018-q2-update.linux64_1.4.0.202007081208/tools/bin/../lib/gcc/arm-none-eabi/7.3.1/../../../../arm-none-eabi/lib/thumb/v7-m/libc_nano.a(lib_a-errno.o)
                              Core/Src/syscalls.o (__errno)
/opt/stm32cubeide/plugins/com.st.stm32cube.ide.mcu.externaltools.gnu-tools-for-stm32.7-2018-q2-update.linux64_1.4.0.202007081208/tools/bin/../lib/gcc/arm-none-eabi/7.3.1/../../../../arm-none-eabi/lib/thumb/v7-m/libc_nano.a(lib_a-exit.o)
                              /opt/stm32cubeide/plugins/com.st.stm32cube.ide.mcu.externaltools.gnu-tools-for-stm32.7-2018-q2-update.linux64_1.4.0.202007081208/tools/bin/../lib/gcc/arm-none-eabi/7.3.1/../../../../arm-none-eabi/lib/thumb/v7-m/crt0.o (exit)
/opt/stm32cubeide/plugins/com.st.stm32cube.ide.mcu.externaltools.gnu-tools-for-stm32.7-2018-q2-update.linux64_1.4.0.202007081208/tools/bin/../lib/gcc/arm-none-eabi/7.3.1/../../../../arm-none-eabi/lib/thumb/v7-m/libc_nano.a(lib_a-impure.o)
                              /opt/stm32cubeide/plugins/com.st.stm32cube.ide.mcu.externaltools.gnu-tools-for-stm32.7-2018-q2-update.linux64_1.4.0.202007081208/tools/bin/../lib/gcc/arm-none-eabi/7.3.1/../../../../arm-none-eabi/lib/thumb/v7-m/libc_nano.a(lib_a-exit.o) (_global_impure_ptr)
/opt/stm32cubeide/plugins/com.st.stm32cube.ide.mcu.externaltools.gnu-tools-for-stm32.7-2018-q2-update.linux64_1.4.0.202007081208/tools/bin/../lib/gcc/arm-none-eabi/7.3.1/../../../../arm-none-eabi/lib/thumb/v7-m/libc_nano.a(lib_a-init.o)
                              /opt/stm32cubeide/plugins/com.st.stm32cube.ide.mcu.externaltools.gnu-tools-for-stm32.7-2018-q2-update.linux64_1.4.0.202007081208/tools/bin/../lib/gcc/arm-none-eabi/7.3.1/../../../../arm-none-eabi/lib/thumb/v7-m/crt0.o (__libc_init_array)
/opt/stm32cubeide/plugins/com.st.stm32cube.ide.mcu.externaltools.gnu-tools-for-stm32.7-2018-q2-update.linux64_1.4.0.202007081208/tools/bin/../lib/gcc/arm-none-eabi/7.3.1/../../../../arm-none-eabi/lib/thumb/v7-m/libc_nano.a(lib_a-memset.o)
                              /opt/stm32cubeide/plugins/com.st.stm32cube.ide.mcu.externaltools.gnu-tools-for-stm32.7-2018-q2-update.linux64_1.4.0.202007081208/tools/bin/../lib/gcc/arm-none-eabi/7.3.1/../../../../arm-none-eabi/lib/thumb/v7-m/crt0.o (memset)
/opt/stm32cubeide/plugins/com.st.stm32cube.ide.mcu.externaltools.gnu-tools-for-stm32.7-2018-q2-update.linux64_1.4.0.202007081208/tools/bin/../lib/gcc/arm-none-eabi/7.3.1/thumb/v7-m/libgcc.a(_aeabi_uldivmod.o)
                              Drivers/STM32F2xx_HAL_Driver/Src/stm32f2xx_hal_rcc.o (__aeabi_uldivmod)
/opt/stm32cubeide/plugins/com.st.stm32cube.ide.mcu.externaltools.gnu-tools-for-stm32.7-2018-q2-update.linux64_1.4.0.202007081208/tools/bin/../lib/gcc/arm-none-eabi/7.3.1/thumb/v7-m/libgcc.a(_udivmoddi4.o)
                              /opt/stm32cubeide/plugins/com.st.stm32cube.ide.mcu.externaltools.gnu-tools-for-stm32.7-2018-q2-update.linux64_1.4.0.202007081208/tools/bin/../lib/gcc/arm-none-eabi/7.3.1/thumb/v7-m/libgcc.a(_aeabi_uldivmod.o) (__udivmoddi4)
/opt/stm32cubeide/plugins/com.st.stm32cube.ide.mcu.externaltools.gnu-tools-for-stm32.7-2018-q2-update.linux64_1.4.0.202007081208/tools/bin/../lib/gcc/arm-none-eabi/7.3.1/thumb/v7-m/libgcc.a(_dvmd_tls.o)
                              /opt/stm32cubeide/plugins/com.st.stm32cube.ide.mcu.externaltools.gnu-tools-for-stm32.7-2018-q2-update.linux64_1.4.0.202007081208/tools/bin/../lib/gcc/arm-none-eabi/7.3.1/thumb/v7-m/libgcc.a(_aeabi_uldivmod.o) (__aeabi_ldiv0)

Allocating common symbols
Common symbol       size              file

huart3              0x40              Core/Src/main.o
hpcd_USB_OTG_FS     0x400             Core/Src/main.o
uwTick              0x4               Drivers/STM32F2xx_HAL_Driver/Src/stm32f2xx_hal.o
pFlash              0x20              Drivers/STM32F2xx_HAL_Driver/Src/stm32f2xx_hal_flash.o
heth                0x48              Core/Src/main.o

Discarded input sections

 .text          0x0000000000000000        0x0 /opt/stm32cubeide/plugins/com.st.stm32cube.ide.mcu.externaltools.gnu-tools-for-stm32.7-2018-q2-update.linux64_1.4.0.202007081208/tools/bin/../lib/gcc/arm-none-eabi/7.3.1/thumb/v7-m/crti.o
 .data          0x0000000000000000        0x0 /opt/stm32cubeide/plugins/com.st.stm32cube.ide.mcu.externaltools.gnu-tools-for-stm32.7-2018-q2-update.linux64_1.4.0.202007081208/tools/bin/../lib/gcc/arm-none-eabi/7.3.1/thumb/v7-m/crti.o
 .bss           0x0000000000000000        0x0 /opt/stm32cubeide/plugins/com.st.stm32cube.ide.mcu.externaltools.gnu-tools-for-stm32.7-2018-q2-update.linux64_1.4.0.202007081208/tools/bin/../lib/gcc/arm-none-eabi/7.3.1/thumb/v7-m/crti.o
 .data          0x0000000000000000        0x4 /opt/stm32cubeide/plugins/com.st.stm32cube.ide.mcu.externaltools.gnu-tools-for-stm32.7-2018-q2-update.linux64_1.4.0.202007081208/tools/bin/../lib/gcc/arm-none-eabi/7.3.1/thumb/v7-m/crtbegin.o
[...]
Memory Configuration

Name             Origin             Length             Attributes
RAM              0x0000000020000000 0x0000000000020000 xrw
FLASH            0x0000000008000000 0x0000000000100000 xr
*default*        0x0000000000000000 0xffffffffffffffff

Linker script and memory map

LOAD /opt/stm32cubeide/plugins/com.st.stm32cube.ide.mcu.externaltools.gnu-tools-for-stm32.7-2018-q2-update.linux64_1.4.0.202007081208/tools/bin/../lib/gcc/arm-none-eabi/7.3.1/thumb/v7-m/crti.o
LOAD /opt/stm32cubeide/plugins/com.st.stm32cube.ide.mcu.externaltools.gnu-tools-for-stm32.7-2018-q2-update.linux64_1.4.0.202007081208/tools/bin/../lib/gcc/arm-none-eabi/7.3.1/thumb/v7-m/crtbegin.o
LOAD /opt/stm32cubeide/plugins/com.st.stm32cube.ide.mcu.externaltools.gnu-tools-for-stm32.7-2018-q2-update.linux64_1.4.0.202007081208/tools/bin/../lib/gcc/arm-none-eabi/7.3.1/../../../../arm-none-eabi/lib/thumb/v7-m/crt0.o
LOAD Core/Src/main.o
LOAD Core/Src/stm32f2xx_hal_msp.o
LOAD Core/Src/stm32f2xx_it.o
LOAD Core/Src/syscalls.o
LOAD Core/Src/sysmem.o
LOAD Core/Src/system_stm32f2xx.o
LOAD Core/Startup/startup_stm32f207zgtx.o
LOAD Drivers/STM32F2xx_HAL_Driver/Src/stm32f2xx_hal.o
LOAD Drivers/STM32F2xx_HAL_Driver/Src/stm32f2xx_hal_cortex.o
LOAD Drivers/STM32F2xx_HAL_Driver/Src/stm32f2xx_hal_dma.o
LOAD Drivers/STM32F2xx_HAL_Driver/Src/stm32f2xx_hal_dma_ex.o
LOAD Drivers/STM32F2xx_HAL_Driver/Src/stm32f2xx_hal_eth.o
LOAD Drivers/STM32F2xx_HAL_Driver/Src/stm32f2xx_hal_exti.o
LOAD Drivers/STM32F2xx_HAL_Driver/Src/stm32f2xx_hal_flash.o
LOAD Drivers/STM32F2xx_HAL_Driver/Src/stm32f2xx_hal_flash_ex.o
LOAD Drivers/STM32F2xx_HAL_Driver/Src/stm32f2xx_hal_gpio.o
LOAD Drivers/STM32F2xx_HAL_Driver/Src/stm32f2xx_hal_pcd.o
LOAD Drivers/STM32F2xx_HAL_Driver/Src/stm32f2xx_hal_pcd_ex.o
LOAD Drivers/STM32F2xx_HAL_Driver/Src/stm32f2xx_hal_pwr.o
LOAD Drivers/STM32F2xx_HAL_Driver/Src/stm32f2xx_hal_pwr_ex.o
LOAD Drivers/STM32F2xx_HAL_Driver/Src/stm32f2xx_hal_rcc.o
LOAD Drivers/STM32F2xx_HAL_Driver/Src/stm32f2xx_hal_rcc_ex.o
LOAD Drivers/STM32F2xx_HAL_Driver/Src/stm32f2xx_hal_tim.o
LOAD Drivers/STM32F2xx_HAL_Driver/Src/stm32f2xx_hal_tim_ex.o
LOAD Drivers/STM32F2xx_HAL_Driver/Src/stm32f2xx_hal_uart.o
LOAD Drivers/STM32F2xx_HAL_Driver/Src/stm32f2xx_ll_usb.o
START GROUP
LOAD /opt/stm32cubeide/plugins/com.st.stm32cube.ide.mcu.externaltools.gnu-tools-for-stm32.7-2018-q2-update.linux64_1.4.0.202007081208/tools/bin/../lib/gcc/arm-none-eabi/7.3.1/../../../../arm-none-eabi/lib/thumb/v7-m/libc_nano.a
LOAD /opt/stm32cubeide/plugins/com.st.stm32cube.ide.mcu.externaltools.gnu-tools-for-stm32.7-2018-q2-update.linux64_1.4.0.202007081208/tools/bin/../lib/gcc/arm-none-eabi/7.3.1/../../../../arm-none-eabi/lib/thumb/v7-m/libm.a
END GROUP
START GROUP
LOAD /opt/stm32cubeide/plugins/com.st.stm32cube.ide.mcu.externaltools.gnu-tools-for-stm32.7-2018-q2-update.linux64_1.4.0.202007081208/tools/bin/../lib/gcc/arm-none-eabi/7.3.1/thumb/v7-m/libgcc.a
LOAD /opt/stm32cubeide/plugins/com.st.stm32cube.ide.mcu.externaltools.gnu-tools-for-stm32.7-2018-q2-update.linux64_1.4.0.202007081208/tools/bin/../lib/gcc/arm-none-eabi/7.3.1/../../../../arm-none-eabi/lib/thumb/v7-m/libc_nano.a
END GROUP
START GROUP
LOAD /opt/stm32cubeide/plugins/com.st.stm32cube.ide.mcu.externaltools.gnu-tools-for-stm32.7-2018-q2-update.linux64_1.4.0.202007081208/tools/bin/../lib/gcc/arm-none-eabi/7.3.1/thumb/v7-m/libgcc.a
LOAD /opt/stm32cubeide/plugins/com.st.stm32cube.ide.mcu.externaltools.gnu-tools-for-stm32.7-2018-q2-update.linux64_1.4.0.202007081208/tools/bin/../lib/gcc/arm-none-eabi/7.3.1/../../../../arm-none-eabi/lib/thumb/v7-m/libc_nano.a
LOAD /opt/stm32cubeide/plugins/com.st.stm32cube.ide.mcu.externaltools.gnu-tools-for-stm32.7-2018-q2-update.linux64_1.4.0.202007081208/tools/bin/../lib/gcc/arm-none-eabi/7.3.1/../../../../arm-none-eabi/lib/thumb/v7-m/libnosys.a
END GROUP
START GROUP
LOAD /opt/stm32cubeide/plugins/com.st.stm32cube.ide.mcu.externaltools.gnu-tools-for-stm32.7-2018-q2-update.linux64_1.4.0.202007081208/tools/bin/../lib/gcc/arm-none-eabi/7.3.1/thumb/v7-m/libgcc.a
LOAD /opt/stm32cubeide/plugins/com.st.stm32cube.ide.mcu.externaltools.gnu-tools-for-stm32.7-2018-q2-update.linux64_1.4.0.202007081208/tools/bin/../lib/gcc/arm-none-eabi/7.3.1/../../../../arm-none-eabi/lib/thumb/v7-m/libc_nano.a
LOAD /opt/stm32cubeide/plugins/com.st.stm32cube.ide.mcu.externaltools.gnu-tools-for-stm32.7-2018-q2-update.linux64_1.4.0.202007081208/tools/bin/../lib/gcc/arm-none-eabi/7.3.1/../../../../arm-none-eabi/lib/thumb/v7-m/libnosys.a
END GROUP
LOAD /opt/stm32cubeide/plugins/com.st.stm32cube.ide.mcu.externaltools.gnu-tools-for-stm32.7-2018-q2-update.linux64_1.4.0.202007081208/tools/bin/../lib/gcc/arm-none-eabi/7.3.1/thumb/v7-m/crtend.o
LOAD /opt/stm32cubeide/plugins/com.st.stm32cube.ide.mcu.externaltools.gnu-tools-for-stm32.7-2018-q2-update.linux64_1.4.0.202007081208/tools/bin/../lib/gcc/arm-none-eabi/7.3.1/thumb/v7-m/crtn.o
                0x0000000020020000                _estack = (ORIGIN (RAM) + LENGTH (RAM))
                0x0000000000000200                _Min_Heap_Size = 0x200
                0x0000000000000400                _Min_Stack_Size = 0x400

.isr_vector     0x0000000008000000      0x184
                0x0000000008000000                . = ALIGN (0x4)
 *(.isr_vector)
 .isr_vector    0x0000000008000000      0x184 Core/Startup/startup_stm32f207zgtx.o
                0x0000000008000000                g_pfnVectors
                0x0000000008000184                . = ALIGN (0x4)

.text           0x0000000008000184     0x2ef4
                0x0000000008000184                . = ALIGN (0x4)
 *(.text)
 .text          0x0000000008000184       0x40 /opt/stm32cubeide/plugins/com.st.stm32cube.ide.mcu.externaltools.gnu-tools-for-stm32.7-2018-q2-update.linux64_1.4.0.202007081208/tools/bin/../lib/gcc/arm-none-eabi/7.3.1/thumb/v7-m/crtbegin.o
 .text          0x00000000080001c4       0x30 /opt/stm32cubeide/plugins/com.st.stm32cube.ide.mcu.externaltools.gnu-tools-for-stm32.7-2018-q2-update.linux64_1.4.0.202007081208/tools/bin/../lib/gcc/arm-none-eabi/7.3.1/thumb/v7-m/libgcc.a(_aeabi_uldivmod.o)
                0x00000000080001c4                __aeabi_uldivmod
 .text          0x00000000080001f4      0x2d0 /opt/stm32cubeide/plugins/com.st.stm32cube.ide.mcu.externaltools.gnu-tools-for-stm32.7-2018-q2-update.linux64_1.4.0.202007081208/tools/bin/../lib/gcc/arm-none-eabi/7.3.1/thumb/v7-m/libgcc.a(_udivmoddi4.o)
                0x00000000080001f4                __udivmoddi4
 .text          0x00000000080004c4        0x4 /opt/stm32cubeide/plugins/com.st.stm32cube.ide.mcu.externaltools.gnu-tools-for-stm32.7-2018-q2-update.linux64_1.4.0.202007081208/tools/bin/../lib/gcc/arm-none-eabi/7.3.1/thumb/v7-m/libgcc.a(_dvmd_tls.o)
                0x00000000080004c4                __aeabi_ldiv0
                0x00000000080004c4                __aeabi_idiv0
 *(.text*)
 .text.main     0x00000000080004c8       0x78 Core/Src/main.o
                0x00000000080004c8                main
 .text.SystemClock_Config
                0x0000000008000540       0x8e Core/Src/main.o
                0x0000000008000540                SystemClock_Config
 *fill*         0x00000000080005ce        0x2 
 .text.MX_ETH_Init
                0x00000000080005d0       0x80 Core/Src/main.o
 .text.MX_USART3_UART_Init
                0x0000000008000650       0x54 Core/Src/main.o
 .text.MX_USB_OTG_FS_PCD_Init
                0x00000000080006a4       0x54 Core/Src/main.o
 .text.MX_GPIO_Init
                0x00000000080006f8      0x15c Core/Src/main.o
 .text.Error_Handler
                0x0000000008000854        0xc Core/Src/main.o
                0x0000000008000854                Error_Handler
 .text.HAL_MspInit
                0x0000000008000860       0x4c Core/Src/stm32f2xx_hal_msp.o
                0x0000000008000860                HAL_MspInit
 .text.HAL_ETH_MspInit
                0x00000000080008ac      0x18c Core/Src/stm32f2xx_hal_msp.o
                0x00000000080008ac                HAL_ETH_MspInit
 .text.HAL_UART_MspInit
                0x0000000008000a38       0x90 Core/Src/stm32f2xx_hal_msp.o
                0x0000000008000a38                HAL_UART_MspInit
 .text.HAL_PCD_MspInit
                0x0000000008000ac8       0xb4 Core/Src/stm32f2xx_hal_msp.o
                0x0000000008000ac8                HAL_PCD_MspInit
 .text.NMI_Handler
                0x0000000008000b7c        0xc Core/Src/stm32f2xx_it.o
                0x0000000008000b7c                NMI_Handler
 .text.HardFault_Handler
                0x0000000008000b88        0x6 Core/Src/stm32f2xx_it.o
                0x0000000008000b88                HardFault_Handler
 .text.MemManage_Handler
                0x0000000008000b8e        0x6 Core/Src/stm32f2xx_it.o
                0x0000000008000b8e                MemManage_Handler
 .text.BusFault_Handler
                0x0000000008000b94        0x6 Core/Src/stm32f2xx_it.o
                0x0000000008000b94                BusFault_Handler
 .text.UsageFault_Handler
                0x0000000008000b9a        0x6 Core/Src/stm32f2xx_it.o
                0x0000000008000b9a                UsageFault_Handler
 .text.SVC_Handler
                0x0000000008000ba0        0xc Core/Src/stm32f2xx_it.o
                0x0000000008000ba0                SVC_Handler
 .text.DebugMon_Handler
                0x0000000008000bac        0xc Core/Src/stm32f2xx_it.o
                0x0000000008000bac                DebugMon_Handler
 .text.PendSV_Handler
                0x0000000008000bb8        0xc Core/Src/stm32f2xx_it.o
                0x0000000008000bb8                PendSV_Handler
 .text.SysTick_Handler
                0x0000000008000bc4        0xc Core/Src/stm32f2xx_it.o
                0x0000000008000bc4                SysTick_Handler
 .text.SystemInit
                0x0000000008000bd0       0x5c Core/Src/system_stm32f2xx.o
                0x0000000008000bd0                SystemInit
 .text.Reset_Handler
                0x0000000008000c2c       0x50 Core/Startup/startup_stm32f207zgtx.o
                0x0000000008000c2c                Reset_Handler
 .text.Default_Handler
                0x0000000008000c7c        0x2 Core/Startup/startup_stm32f207zgtx.o
                0x0000000008000c7c                RTC_Alarm_IRQHandler
                0x0000000008000c7c                HASH_RNG_IRQHandler
                0x0000000008000c7c                EXTI2_IRQHandler
                0x0000000008000c7c                TIM8_CC_IRQHandler
                0x0000000008000c7c                TIM1_CC_IRQHandler
                0x0000000008000c7c                DMA2_Stream5_IRQHandler
                0x0000000008000c7c                DMA1_Stream5_IRQHandler
                0x0000000008000c7c                PVD_IRQHandler
                0x0000000008000c7c                SDIO_IRQHandler
                0x0000000008000c7c                TAMP_STAMP_IRQHandler
                0x0000000008000c7c                CAN2_RX1_IRQHandler
                0x0000000008000c7c                EXTI3_IRQHandler
                0x0000000008000c7c                TIM8_TRG_COM_TIM14_IRQHandler
                0x0000000008000c7c                TIM1_UP_TIM10_IRQHandler
                0x0000000008000c7c                TIM8_UP_TIM13_IRQHandler
                0x0000000008000c7c                I2C3_ER_IRQHandler
                0x0000000008000c7c                EXTI0_IRQHandler
                0x0000000008000c7c                I2C2_EV_IRQHandler
                0x0000000008000c7c                DMA1_Stream2_IRQHandler
                0x0000000008000c7c                CAN1_RX0_IRQHandler
                0x0000000008000c7c                OTG_HS_WKUP_IRQHandler
                0x0000000008000c7c                CAN2_SCE_IRQHandler
                0x0000000008000c7c                DMA2_Stream2_IRQHandler
                0x0000000008000c7c                SPI1_IRQHandler
                0x0000000008000c7c                TIM6_DAC_IRQHandler
                0x0000000008000c7c                TIM1_BRK_TIM9_IRQHandler
                0x0000000008000c7c                DCMI_IRQHandler
                0x0000000008000c7c                CAN2_RX0_IRQHandler
                0x0000000008000c7c                DMA2_Stream3_IRQHandler
                0x0000000008000c7c                USART6_IRQHandler
                0x0000000008000c7c                USART3_IRQHandler
                0x0000000008000c7c                CAN1_RX1_IRQHandler
                0x0000000008000c7c                UART5_IRQHandler
                0x0000000008000c7c                DMA2_Stream0_IRQHandler
                0x0000000008000c7c                TIM4_IRQHandler
                0x0000000008000c7c                I2C1_EV_IRQHandler
                0x0000000008000c7c                DMA1_Stream6_IRQHandler
                0x0000000008000c7c                DMA1_Stream1_IRQHandler
                0x0000000008000c7c                UART4_IRQHandler
                0x0000000008000c7c                TIM3_IRQHandler
                0x0000000008000c7c                RCC_IRQHandler
                0x0000000008000c7c                TIM8_BRK_TIM12_IRQHandler
                0x0000000008000c7c                Default_Handler
                0x0000000008000c7c                EXTI15_10_IRQHandler
                0x0000000008000c7c                ADC_IRQHandler
                0x0000000008000c7c                DMA1_Stream7_IRQHandler
                0x0000000008000c7c                TIM7_IRQHandler
                0x0000000008000c7c                CAN2_TX_IRQHandler
                0x0000000008000c7c                TIM5_IRQHandler
                0x0000000008000c7c                DMA2_Stream7_IRQHandler
                0x0000000008000c7c                I2C3_EV_IRQHandler
                0x0000000008000c7c                EXTI9_5_IRQHandler
                0x0000000008000c7c                RTC_WKUP_IRQHandler
                0x0000000008000c7c                ETH_WKUP_IRQHandler
                0x0000000008000c7c                SPI2_IRQHandler
                0x0000000008000c7c                OTG_HS_EP1_IN_IRQHandler
                0x0000000008000c7c                DMA1_Stream0_IRQHandler
                0x0000000008000c7c                CAN1_TX_IRQHandler
                0x0000000008000c7c                EXTI4_IRQHandler
                0x0000000008000c7c                FSMC_IRQHandler
                0x0000000008000c7c                ETH_IRQHandler
                0x0000000008000c7c                OTG_HS_EP1_OUT_IRQHandler
                0x0000000008000c7c                WWDG_IRQHandler
                0x0000000008000c7c                TIM2_IRQHandler
                0x0000000008000c7c                OTG_FS_WKUP_IRQHandler
                0x0000000008000c7c                TIM1_TRG_COM_TIM11_IRQHandler
                0x0000000008000c7c                OTG_HS_IRQHandler
                0x0000000008000c7c                EXTI1_IRQHandler
                0x0000000008000c7c                USART2_IRQHandler
                0x0000000008000c7c                I2C2_ER_IRQHandler
                0x0000000008000c7c                DMA2_Stream1_IRQHandler
                0x0000000008000c7c                CAN1_SCE_IRQHandler
                0x0000000008000c7c                FLASH_IRQHandler
                0x0000000008000c7c                DMA2_Stream4_IRQHandler
                0x0000000008000c7c                USART1_IRQHandler
                0x0000000008000c7c                OTG_FS_IRQHandler
                0x0000000008000c7c                SPI3_IRQHandler
                0x0000000008000c7c                DMA1_Stream4_IRQHandler
                0x0000000008000c7c                I2C1_ER_IRQHandler
                0x0000000008000c7c                DMA2_Stream6_IRQHandler
                0x0000000008000c7c                DMA1_Stream3_IRQHandler
 *fill*         0x0000000008000c7e        0x2 
 .text.HAL_Init
                0x0000000008000c80       0x44 Drivers/STM32F2xx_HAL_Driver/Src/stm32f2xx_hal.o
                0x0000000008000c80                HAL_Init
 .text.HAL_InitTick
                0x0000000008000cc4       0x60 Drivers/STM32F2xx_HAL_Driver/Src/stm32f2xx_hal.o
                0x0000000008000cc4                HAL_InitTick
 .text.HAL_IncTick
                0x0000000008000d24       0x24 Drivers/STM32F2xx_HAL_Driver/Src/stm32f2xx_hal.o
                0x0000000008000d24                HAL_IncTick
 .text.HAL_GetTick
                0x0000000008000d48       0x14 Drivers/STM32F2xx_HAL_Driver/Src/stm32f2xx_hal.o
                0x0000000008000d48                HAL_GetTick
 .text.HAL_Delay
                0x0000000008000d5c       0x44 Drivers/STM32F2xx_HAL_Driver/Src/stm32f2xx_hal.o
                0x0000000008000d5c                HAL_Delay
 .text.__NVIC_SetPriorityGrouping
                0x0000000008000da0       0x48 Drivers/STM32F2xx_HAL_Driver/Src/stm32f2xx_hal_cortex.o
 .text.__NVIC_GetPriorityGrouping
                0x0000000008000de8       0x1c Drivers/STM32F2xx_HAL_Driver/Src/stm32f2xx_hal_cortex.o
 .text.__NVIC_SetPriority
                0x0000000008000e04       0x54 Drivers/STM32F2xx_HAL_Driver/Src/stm32f2xx_hal_cortex.o
 .text.NVIC_EncodePriority
                0x0000000008000e58       0x64 Drivers/STM32F2xx_HAL_Driver/Src/stm32f2xx_hal_cortex.o
 .text.SysTick_Config
                0x0000000008000ebc       0x44 Drivers/STM32F2xx_HAL_Driver/Src/stm32f2xx_hal_cortex.o
 .text.HAL_NVIC_SetPriorityGrouping
                0x0000000008000f00       0x16 Drivers/STM32F2xx_HAL_Driver/Src/stm32f2xx_hal_cortex.o
                0x0000000008000f00                HAL_NVIC_SetPriorityGrouping
 .text.HAL_NVIC_SetPriority
                0x0000000008000f16       0x38 Drivers/STM32F2xx_HAL_Driver/Src/stm32f2xx_hal_cortex.o
                0x0000000008000f16                HAL_NVIC_SetPriority
 .text.HAL_SYSTICK_Config
                0x0000000008000f4e       0x18 Drivers/STM32F2xx_HAL_Driver/Src/stm32f2xx_hal_cortex.o
                0x0000000008000f4e                HAL_SYSTICK_Config
 *fill*         0x0000000008000f66        0x2 
 .text.HAL_ETH_Init
                0x0000000008000f68      0x31c Drivers/STM32F2xx_HAL_Driver/Src/stm32f2xx_hal_eth.o
                0x0000000008000f68                HAL_ETH_Init
 .text.HAL_ETH_ReadPHYRegister
                0x0000000008001284       0xd0 Drivers/STM32F2xx_HAL_Driver/Src/stm32f2xx_hal_eth.o
                0x0000000008001284                HAL_ETH_ReadPHYRegister
 .text.HAL_ETH_WritePHYRegister
                0x0000000008001354       0xcc Drivers/STM32F2xx_HAL_Driver/Src/stm32f2xx_hal_eth.o
                0x0000000008001354                HAL_ETH_WritePHYRegister
 .text.ETH_MACDMAConfig
                0x0000000008001420      0x394 Drivers/STM32F2xx_HAL_Driver/Src/stm32f2xx_hal_eth.o
 .text.ETH_MACAddressConfig
                0x00000000080017b4       0x6c Drivers/STM32F2xx_HAL_Driver/Src/stm32f2xx_hal_eth.o
 .text.HAL_GPIO_Init
                0x0000000008001820      0x33c Drivers/STM32F2xx_HAL_Driver/Src/stm32f2xx_hal_gpio.o
                0x0000000008001820                HAL_GPIO_Init
 .text.HAL_GPIO_WritePin
                0x0000000008001b5c       0x30 Drivers/STM32F2xx_HAL_Driver/Src/stm32f2xx_hal_gpio.o
                0x0000000008001b5c                HAL_GPIO_WritePin
 .text.HAL_GPIO_TogglePin
                0x0000000008001b8c       0x32 Drivers/STM32F2xx_HAL_Driver/Src/stm32f2xx_hal_gpio.o
                0x0000000008001b8c                HAL_GPIO_TogglePin
 .text.HAL_PCD_Init
                0x0000000008001bbe      0x23a Drivers/STM32F2xx_HAL_Driver/Src/stm32f2xx_hal_pcd.o
                0x0000000008001bbe                HAL_PCD_Init
 .text.HAL_RCC_OscConfig
                0x0000000008001df8      0x4d4 Drivers/STM32F2xx_HAL_Driver/Src/stm32f2xx_hal_rcc.o
                0x0000000008001df8                HAL_RCC_OscConfig
 .text.HAL_RCC_ClockConfig
                0x00000000080022cc      0x1d8 Drivers/STM32F2xx_HAL_Driver/Src/stm32f2xx_hal_rcc.o
                0x00000000080022cc                HAL_RCC_ClockConfig
 .text.HAL_RCC_GetSysClockFreq
                0x00000000080024a4      0x1b0 Drivers/STM32F2xx_HAL_Driver/Src/stm32f2xx_hal_rcc.o
                0x00000000080024a4                HAL_RCC_GetSysClockFreq
 .text.HAL_RCC_GetHCLKFreq
                0x0000000008002654       0x14 Drivers/STM32F2xx_HAL_Driver/Src/stm32f2xx_hal_rcc.o
                0x0000000008002654                HAL_RCC_GetHCLKFreq
 .text.HAL_RCC_GetPCLK1Freq
                0x0000000008002668       0x44 Drivers/STM32F2xx_HAL_Driver/Src/stm32f2xx_hal_rcc.o
                0x0000000008002668                HAL_RCC_GetPCLK1Freq
 .text.HAL_RCC_GetPCLK2Freq
                0x00000000080026ac       0x44 Drivers/STM32F2xx_HAL_Driver/Src/stm32f2xx_hal_rcc.o
                0x00000000080026ac                HAL_RCC_GetPCLK2Freq
 .text.HAL_UART_Init
                0x00000000080026f0       0x9a Drivers/STM32F2xx_HAL_Driver/Src/stm32f2xx_hal_uart.o
                0x00000000080026f0                HAL_UART_Init
 *fill*         0x000000000800278a        0x2 
 .text.UART_SetConfig
                0x000000000800278c      0x328 Drivers/STM32F2xx_HAL_Driver/Src/stm32f2xx_hal_uart.o
 .text.USB_CoreInit
                0x0000000008002ab4       0xae Drivers/STM32F2xx_HAL_Driver/Src/stm32f2xx_ll_usb.o
                0x0000000008002ab4                USB_CoreInit
 .text.USB_DisableGlobalInt
                0x0000000008002b62       0x20 Drivers/STM32F2xx_HAL_Driver/Src/stm32f2xx_ll_usb.o
                0x0000000008002b62                USB_DisableGlobalInt
 .text.USB_SetCurrentMode
                0x0000000008002b82       0x54 Drivers/STM32F2xx_HAL_Driver/Src/stm32f2xx_ll_usb.o
                0x0000000008002b82                USB_SetCurrentMode
 *fill*         0x0000000008002bd6        0x2 
 .text.USB_DevInit
                0x0000000008002bd8      0x2e4 Drivers/STM32F2xx_HAL_Driver/Src/stm32f2xx_ll_usb.o
                0x0000000008002bd8                USB_DevInit
 .text.USB_FlushTxFifo
                0x0000000008002ebc       0x48 Drivers/STM32F2xx_HAL_Driver/Src/stm32f2xx_ll_usb.o
                0x0000000008002ebc                USB_FlushTxFifo
 .text.USB_FlushRxFifo
                0x0000000008002f04       0x40 Drivers/STM32F2xx_HAL_Driver/Src/stm32f2xx_ll_usb.o
                0x0000000008002f04                USB_FlushRxFifo
 .text.USB_SetDevSpeed
                0x0000000008002f44       0x30 Drivers/STM32F2xx_HAL_Driver/Src/stm32f2xx_ll_usb.o
                0x0000000008002f44                USB_SetDevSpeed
 .text.USB_DevDisconnect
                0x0000000008002f74       0x30 Drivers/STM32F2xx_HAL_Driver/Src/stm32f2xx_ll_usb.o
                0x0000000008002f74                USB_DevDisconnect
 .text.USB_CoreReset
                0x0000000008002fa4       0x64 Drivers/STM32F2xx_HAL_Driver/Src/stm32f2xx_ll_usb.o
 .text.__libc_init_array
                0x0000000008003008       0x48 /opt/stm32cubeide/plugins/com.st.stm32cube.ide.mcu.externaltools.gnu-tools-for-stm32.7-2018-q2-update.linux64_1.4.0.202007081208/tools/bin/../lib/gcc/arm-none-eabi/7.3.1/../../../../arm-none-eabi/lib/thumb/v7-m/libc_nano.a(lib_a-init.o)
                0x0000000008003008                __libc_init_array
 .text.memset   0x0000000008003050       0x10 /opt/stm32cubeide/plugins/com.st.stm32cube.ide.mcu.externaltools.gnu-tools-for-stm32.7-2018-q2-update.linux64_1.4.0.202007081208/tools/bin/../lib/gcc/arm-none-eabi/7.3.1/../../../../arm-none-eabi/lib/thumb/v7-m/libc_nano.a(lib_a-memset.o)
                0x0000000008003050                memset
 *(.glue_7)
 .glue_7        0x0000000008003060        0x0 linker stubs
 *(.glue_7t)
 .glue_7t       0x0000000008003060        0x0 linker stubs
 *(.eh_frame)
 .eh_frame      0x0000000008003060        0x0 /opt/stm32cubeide/plugins/com.st.stm32cube.ide.mcu.externaltools.gnu-tools-for-stm32.7-2018-q2-update.linux64_1.4.0.202007081208/tools/bin/../lib/gcc/arm-none-eabi/7.3.1/thumb/v7-m/crtbegin.o
 *(.init)
 .init          0x0000000008003060        0x4 /opt/stm32cubeide/plugins/com.st.stm32cube.ide.mcu.externaltools.gnu-tools-for-stm32.7-2018-q2-update.linux64_1.4.0.202007081208/tools/bin/../lib/gcc/arm-none-eabi/7.3.1/thumb/v7-m/crti.o
                0x0000000008003060                _init
 .init          0x0000000008003064        0x8 /opt/stm32cubeide/plugins/com.st.stm32cube.ide.mcu.externaltools.gnu-tools-for-stm32.7-2018-q2-update.linux64_1.4.0.202007081208/tools/bin/../lib/gcc/arm-none-eabi/7.3.1/thumb/v7-m/crtn.o
 *(.fini)
 .fini          0x000000000800306c        0x4 /opt/stm32cubeide/plugins/com.st.stm32cube.ide.mcu.externaltools.gnu-tools-for-stm32.7-2018-q2-update.linux64_1.4.0.202007081208/tools/bin/../lib/gcc/arm-none-eabi/7.3.1/thumb/v7-m/crti.o
                0x000000000800306c                _fini
 .fini          0x0000000008003070        0x8 /opt/stm32cubeide/plugins/com.st.stm32cube.ide.mcu.externaltools.gnu-tools-for-stm32.7-2018-q2-update.linux64_1.4.0.202007081208/tools/bin/../lib/gcc/arm-none-eabi/7.3.1/thumb/v7-m/crtn.o
                0x0000000008003078                . = ALIGN (0x4)
                0x0000000008003078                _etext = .

.vfp11_veneer   0x0000000008003078        0x0
 .vfp11_veneer  0x0000000008003078        0x0 linker stubs

.v4_bx          0x0000000008003078        0x0
 .v4_bx         0x0000000008003078        0x0 linker stubs

.iplt           0x0000000008003078        0x0
 .iplt          0x0000000008003078        0x0 /opt/stm32cubeide/plugins/com.st.stm32cube.ide.mcu.externaltools.gnu-tools-for-stm32.7-2018-q2-update.linux64_1.4.0.202007081208/tools/bin/../lib/gcc/arm-none-eabi/7.3.1/thumb/v7-m/crtbegin.o

.rodata         0x0000000008003078       0x18
                0x0000000008003078                . = ALIGN (0x4)
 *(.rodata)
 *(.rodata*)
 .rodata.AHBPrescTable
                0x0000000008003078       0x10 Core/Src/system_stm32f2xx.o
                0x0000000008003078                AHBPrescTable
 .rodata.APBPrescTable
                0x0000000008003088        0x8 Core/Src/system_stm32f2xx.o
                0x0000000008003088                APBPrescTable
                0x0000000008003090                . = ALIGN (0x4)

.ARM.extab      0x0000000008003090        0x0
                0x0000000008003090                . = ALIGN (0x4)
 *(.ARM.extab* .gnu.linkonce.armextab.*)
                0x0000000008003090                . = ALIGN (0x4)

.ARM            0x0000000008003090        0x8
                0x0000000008003090                . = ALIGN (0x4)
                0x0000000008003090                __exidx_start = .
 *(.ARM.exidx*)
 .ARM.exidx     0x0000000008003090        0x8 /opt/stm32cubeide/plugins/com.st.stm32cube.ide.mcu.externaltools.gnu-tools-for-stm32.7-2018-q2-update.linux64_1.4.0.202007081208/tools/bin/../lib/gcc/arm-none-eabi/7.3.1/thumb/v7-m/libgcc.a(_udivmoddi4.o)
                0x0000000008003098                __exidx_end = .
                0x0000000008003098                . = ALIGN (0x4)

.rel.dyn        0x0000000008003098        0x0
 .rel.iplt      0x0000000008003098        0x0 /opt/stm32cubeide/plugins/com.st.stm32cube.ide.mcu.externaltools.gnu-tools-for-stm32.7-2018-q2-update.linux64_1.4.0.202007081208/tools/bin/../lib/gcc/arm-none-eabi/7.3.1/thumb/v7-m/crtbegin.o

.preinit_array  0x0000000008003098        0x0
                0x0000000008003098                . = ALIGN (0x4)
                0x0000000008003098                PROVIDE (__preinit_array_start = .)
 *(.preinit_array*)
                0x0000000008003098                PROVIDE (__preinit_array_end = .)
                0x0000000008003098                . = ALIGN (0x4)

.init_array     0x0000000008003098        0x4
                0x0000000008003098                . = ALIGN (0x4)
                0x0000000008003098                PROVIDE (__init_array_start = .)
 *(SORT_BY_NAME(.init_array.*))
 *(.init_array*)
 .init_array    0x0000000008003098        0x4 /opt/stm32cubeide/plugins/com.st.stm32cube.ide.mcu.externaltools.gnu-tools-for-stm32.7-2018-q2-update.linux64_1.4.0.202007081208/tools/bin/../lib/gcc/arm-none-eabi/7.3.1/thumb/v7-m/crtbegin.o
                0x000000000800309c                PROVIDE (__init_array_end = .)
                0x000000000800309c                . = ALIGN (0x4)

.fini_array     0x000000000800309c        0x4
                0x000000000800309c                . = ALIGN (0x4)
                [!provide]                        PROVIDE (__fini_array_start = .)
 *(SORT_BY_NAME(.fini_array.*))
 *(.fini_array*)
 .fini_array    0x000000000800309c        0x4 /opt/stm32cubeide/plugins/com.st.stm32cube.ide.mcu.externaltools.gnu-tools-for-stm32.7-2018-q2-update.linux64_1.4.0.202007081208/tools/bin/../lib/gcc/arm-none-eabi/7.3.1/thumb/v7-m/crtbegin.o
                [!provide]                        PROVIDE (__fini_array_end = .)
                0x00000000080030a0                . = ALIGN (0x4)
                0x00000000080030a0                _sidata = LOADADDR (.data)

.data           0x0000000020000000        0xc load address 0x00000000080030a0
                0x0000000020000000                . = ALIGN (0x4)
                0x0000000020000000                _sdata = .
 *(.data)
 *(.data*)
 .data.SystemCoreClock
                0x0000000020000000        0x4 Core/Src/system_stm32f2xx.o
                0x0000000020000000                SystemCoreClock
 .data.uwTickPrio
                0x0000000020000004        0x4 Drivers/STM32F2xx_HAL_Driver/Src/stm32f2xx_hal.o
                0x0000000020000004                uwTickPrio
 .data.uwTickFreq
                0x0000000020000008        0x1 Drivers/STM32F2xx_HAL_Driver/Src/stm32f2xx_hal.o
                0x0000000020000008                uwTickFreq
                0x000000002000000c                . = ALIGN (0x4)
 *fill*         0x0000000020000009        0x3 
                0x000000002000000c                _edata = .

.igot.plt       0x000000002000000c        0x0 load address 0x00000000080030ac
 .igot.plt      0x000000002000000c        0x0 /opt/stm32cubeide/plugins/com.st.stm32cube.ide.mcu.externaltools.gnu-tools-for-stm32.7-2018-q2-update.linux64_1.4.0.202007081208/tools/bin/../lib/gcc/arm-none-eabi/7.3.1/thumb/v7-m/crtbegin.o
                0x000000002000000c                . = ALIGN (0x4)

.bss            0x000000002000000c      0x4a8 load address 0x00000000080030ac
                0x000000002000000c                _sbss = .
                0x000000002000000c                __bss_start__ = _sbss
 *(.bss)
 .bss           0x000000002000000c       0x1c /opt/stm32cubeide/plugins/com.st.stm32cube.ide.mcu.externaltools.gnu-tools-for-stm32.7-2018-q2-update.linux64_1.4.0.202007081208/tools/bin/../lib/gcc/arm-none-eabi/7.3.1/thumb/v7-m/crtbegin.o
 *(.bss*)
 *(COMMON)
 COMMON         0x0000000020000028      0x488 Core/Src/main.o
                0x0000000020000028                huart3
                0x0000000020000068                hpcd_USB_OTG_FS
                0x0000000020000468                heth
 COMMON         0x00000000200004b0        0x4 Drivers/STM32F2xx_HAL_Driver/Src/stm32f2xx_hal.o
                0x00000000200004b0                uwTick
                0x00000000200004b4                . = ALIGN (0x4)
                0x00000000200004b4                _ebss = .
                0x00000000200004b4                __bss_end__ = _ebss

._user_heap_stack
                0x00000000200004b4      0x604 load address 0x00000000080030ac
                0x00000000200004b8                . = ALIGN (0x8)
 *fill*         0x00000000200004b4        0x4 
                [!provide]                        PROVIDE (end = .)
                0x00000000200004b8                PROVIDE (_end = .)
                0x00000000200006b8                . = (. + _Min_Heap_Size)
 *fill*         0x00000000200004b8      0x200 
                0x0000000020000ab8                . = (. + _Min_Stack_Size)
 *fill*         0x00000000200006b8      0x400 
                0x0000000020000ab8                . = ALIGN (0x8)

/DISCARD/
 libc.a(*)
 libm.a(*)
 libgcc.a(*)

.ARM.attributes
                0x0000000000000000       0x29
 *(.ARM.attributes)
 .ARM.attributes
                0x0000000000000000       0x1d /opt/stm32cubeide/plugins/com.st.stm32cube.ide.mcu.externaltools.gnu-tools-for-stm32.7-2018-q2-update.linux64_1.4.0.202007081208/tools/bin/../lib/gcc/arm-none-eabi/7.3.1/thumb/v7-m/crti.o
 .ARM.attributes
                0x000000000000001d       0x2d /opt/stm32cubeide/plugins/com.st.stm32cube.ide.mcu.externaltools.gnu-tools-for-stm32.7-2018-q2-update.linux64_1.4.0.202007081208/tools/bin/../lib/gcc/arm-none-eabi/7.3.1/thumb/v7-m/crtbegin.o
 .ARM.attributes
                0x000000000000004a       0x33 Core/Src/main.o
 .ARM.attributes
                0x000000000000007d       0x33 Core/Src/stm32f2xx_hal_msp.o
 .ARM.attributes
                0x00000000000000b0       0x33 Core/Src/stm32f2xx_it.o
 .ARM.attributes
                0x00000000000000e3       0x33 Core/Src/system_stm32f2xx.o
 .ARM.attributes
                0x0000000000000116       0x21 Core/Startup/startup_stm32f207zgtx.o
 .ARM.attributes
                0x0000000000000137       0x33 Drivers/STM32F2xx_HAL_Driver/Src/stm32f2xx_hal.o
 .ARM.attributes
                0x000000000000016a       0x33 Drivers/STM32F2xx_HAL_Driver/Src/stm32f2xx_hal_cortex.o
 .ARM.attributes
                0x000000000000019d       0x33 Drivers/STM32F2xx_HAL_Driver/Src/stm32f2xx_hal_eth.o
 .ARM.attributes
                0x00000000000001d0       0x33 Drivers/STM32F2xx_HAL_Driver/Src/stm32f2xx_hal_gpio.o
 .ARM.attributes
                0x0000000000000203       0x33 Drivers/STM32F2xx_HAL_Driver/Src/stm32f2xx_hal_pcd.o
 .ARM.attributes
                0x0000000000000236       0x33 Drivers/STM32F2xx_HAL_Driver/Src/stm32f2xx_hal_rcc.o
 .ARM.attributes
                0x0000000000000269       0x33 Drivers/STM32F2xx_HAL_Driver/Src/stm32f2xx_hal_uart.o
 .ARM.attributes
                0x000000000000029c       0x33 Drivers/STM32F2xx_HAL_Driver/Src/stm32f2xx_ll_usb.o
 .ARM.attributes
                0x00000000000002cf       0x2d /opt/stm32cubeide/plugins/com.st.stm32cube.ide.mcu.externaltools.gnu-tools-for-stm32.7-2018-q2-update.linux64_1.4.0.202007081208/tools/bin/../lib/gcc/arm-none-eabi/7.3.1/../../../../arm-none-eabi/lib/thumb/v7-m/libc_nano.a(lib_a-init.o)
 .ARM.attributes
                0x00000000000002fc       0x2d /opt/stm32cubeide/plugins/com.st.stm32cube.ide.mcu.externaltools.gnu-tools-for-stm32.7-2018-q2-update.linux64_1.4.0.202007081208/tools/bin/../lib/gcc/arm-none-eabi/7.3.1/../../../../arm-none-eabi/lib/thumb/v7-m/libc_nano.a(lib_a-memset.o)
 .ARM.attributes
                0x0000000000000329       0x1d /opt/stm32cubeide/plugins/com.st.stm32cube.ide.mcu.externaltools.gnu-tools-for-stm32.7-2018-q2-update.linux64_1.4.0.202007081208/tools/bin/../lib/gcc/arm-none-eabi/7.3.1/thumb/v7-m/libgcc.a(_aeabi_uldivmod.o)
 .ARM.attributes
                0x0000000000000346       0x2d /opt/stm32cubeide/plugins/com.st.stm32cube.ide.mcu.externaltools.gnu-tools-for-stm32.7-2018-q2-update.linux64_1.4.0.202007081208/tools/bin/../lib/gcc/arm-none-eabi/7.3.1/thumb/v7-m/libgcc.a(_udivmoddi4.o)
 .ARM.attributes
                0x0000000000000373       0x1d /opt/stm32cubeide/plugins/com.st.stm32cube.ide.mcu.externaltools.gnu-tools-for-stm32.7-2018-q2-update.linux64_1.4.0.202007081208/tools/bin/../lib/gcc/arm-none-eabi/7.3.1/thumb/v7-m/libgcc.a(_dvmd_tls.o)
 .ARM.attributes
                0x0000000000000390       0x1d /opt/stm32cubeide/plugins/com.st.stm32cube.ide.mcu.externaltools.gnu-tools-for-stm32.7-2018-q2-update.linux64_1.4.0.202007081208/tools/bin/../lib/gcc/arm-none-eabi/7.3.1/thumb/v7-m/crtn.o
OUTPUT(002MxCourse.elf elf32-littlearm)

.debug_info     0x0000000000000000     0xad8e
 .debug_info    0x0000000000000000     0x159f Core/Src/main.o
 .debug_info    0x000000000000159f     0x152a Core/Src/stm32f2xx_hal_msp.o
 .debug_info    0x0000000000002ac9      0x20a Core/Src/stm32f2xx_it.o
 .debug_info    0x0000000000002cd3      0x554 Core/Src/system_stm32f2xx.o
 .debug_info    0x0000000000003227       0x22 Core/Startup/startup_stm32f207zgtx.o
 .debug_info    0x0000000000003249      0x9af Drivers/STM32F2xx_HAL_Driver/Src/stm32f2xx_hal.o
 .debug_info    0x0000000000003bf8      0xe28 Drivers/STM32F2xx_HAL_Driver/Src/stm32f2xx_hal_cortex.o
 .debug_info    0x0000000000004a20     0x14aa Drivers/STM32F2xx_HAL_Driver/Src/stm32f2xx_hal_eth.o
 .debug_info    0x0000000000005eca      0x77e Drivers/STM32F2xx_HAL_Driver/Src/stm32f2xx_hal_gpio.o
 .debug_info    0x0000000000006648     0x10c2 Drivers/STM32F2xx_HAL_Driver/Src/stm32f2xx_hal_pcd.o
 .debug_info    0x000000000000770a      0xb71 Drivers/STM32F2xx_HAL_Driver/Src/stm32f2xx_hal_rcc.o
 .debug_info    0x000000000000827b     0x1236 Drivers/STM32F2xx_HAL_Driver/Src/stm32f2xx_hal_uart.o
 .debug_info    0x00000000000094b1     0x18dd Drivers/STM32F2xx_HAL_Driver/Src/stm32f2xx_ll_usb.o

.debug_abbrev   0x0000000000000000     0x18f2
 .debug_abbrev  0x0000000000000000      0x237 Core/Src/main.o
 .debug_abbrev  0x0000000000000237      0x216 Core/Src/stm32f2xx_hal_msp.o
 .debug_abbrev  0x000000000000044d       0xc6 Core/Src/stm32f2xx_it.o
 .debug_abbrev  0x0000000000000513      0x12b Core/Src/system_stm32f2xx.o
 .debug_abbrev  0x000000000000063e       0x12 Core/Startup/startup_stm32f207zgtx.o
 .debug_abbrev  0x0000000000000650      0x236 Drivers/STM32F2xx_HAL_Driver/Src/stm32f2xx_hal.o
 .debug_abbrev  0x0000000000000886      0x2fa Drivers/STM32F2xx_HAL_Driver/Src/stm32f2xx_hal_cortex.o
 .debug_abbrev  0x0000000000000b80      0x23e Drivers/STM32F2xx_HAL_Driver/Src/stm32f2xx_hal_eth.o
 .debug_abbrev  0x0000000000000dbe      0x1c0 Drivers/STM32F2xx_HAL_Driver/Src/stm32f2xx_hal_gpio.o
 .debug_abbrev  0x0000000000000f7e      0x266 Drivers/STM32F2xx_HAL_Driver/Src/stm32f2xx_hal_pcd.o
 .debug_abbrev  0x00000000000011e4      0x25f Drivers/STM32F2xx_HAL_Driver/Src/stm32f2xx_hal_rcc.o
 .debug_abbrev  0x0000000000001443      0x242 Drivers/STM32F2xx_HAL_Driver/Src/stm32f2xx_hal_uart.o
 .debug_abbrev  0x0000000000001685      0x26d Drivers/STM32F2xx_HAL_Driver/Src/stm32f2xx_ll_usb.o

.debug_aranges  0x0000000000000000      0x9e8
 .debug_aranges
                0x0000000000000000       0x50 Core/Src/main.o
 .debug_aranges
                0x0000000000000050       0x50 Core/Src/stm32f2xx_hal_msp.o
 .debug_aranges
                0x00000000000000a0       0x60 Core/Src/stm32f2xx_it.o
 .debug_aranges
                0x0000000000000100       0x28 Core/Src/system_stm32f2xx.o
 .debug_aranges
                0x0000000000000128       0x28 Core/Startup/startup_stm32f207zgtx.o
 .debug_aranges
                0x0000000000000150       0xf0 Drivers/STM32F2xx_HAL_Driver/Src/stm32f2xx_hal.o
 .debug_aranges
                0x0000000000000240      0x118 Drivers/STM32F2xx_HAL_Driver/Src/stm32f2xx_hal_cortex.o
 .debug_aranges
                0x0000000000000358      0x118 Drivers/STM32F2xx_HAL_Driver/Src/stm32f2xx_hal_eth.o
 .debug_aranges
                0x0000000000000470       0x58 Drivers/STM32F2xx_HAL_Driver/Src/stm32f2xx_hal_gpio.o
 .debug_aranges
                0x00000000000004c8      0x130 Drivers/STM32F2xx_HAL_Driver/Src/stm32f2xx_hal_pcd.o
 .debug_aranges
                0x00000000000005f8       0x88 Drivers/STM32F2xx_HAL_Driver/Src/stm32f2xx_hal_rcc.o
 .debug_aranges
                0x0000000000000680      0x1d0 Drivers/STM32F2xx_HAL_Driver/Src/stm32f2xx_hal_uart.o
 .debug_aranges
                0x0000000000000850      0x198 Drivers/STM32F2xx_HAL_Driver/Src/stm32f2xx_ll_usb.o

.debug_ranges   0x0000000000000000      0x920
 .debug_ranges  0x0000000000000000       0x40 Core/Src/main.o
 .debug_ranges  0x0000000000000040       0x40 Core/Src/stm32f2xx_hal_msp.o
 .debug_ranges  0x0000000000000080       0x50 Core/Src/stm32f2xx_it.o
 .debug_ranges  0x00000000000000d0       0x18 Core/Src/system_stm32f2xx.o
 .debug_ranges  0x00000000000000e8       0x20 Core/Startup/startup_stm32f207zgtx.o
 .debug_ranges  0x0000000000000108       0xe0 Drivers/STM32F2xx_HAL_Driver/Src/stm32f2xx_hal.o
 .debug_ranges  0x00000000000001e8      0x108 Drivers/STM32F2xx_HAL_Driver/Src/stm32f2xx_hal_cortex.o
 .debug_ranges  0x00000000000002f0      0x108 Drivers/STM32F2xx_HAL_Driver/Src/stm32f2xx_hal_eth.o
 .debug_ranges  0x00000000000003f8       0x48 Drivers/STM32F2xx_HAL_Driver/Src/stm32f2xx_hal_gpio.o
 .debug_ranges  0x0000000000000440      0x120 Drivers/STM32F2xx_HAL_Driver/Src/stm32f2xx_hal_pcd.o
 .debug_ranges  0x0000000000000560       0x78 Drivers/STM32F2xx_HAL_Driver/Src/stm32f2xx_hal_rcc.o
 .debug_ranges  0x00000000000005d8      0x1c0 Drivers/STM32F2xx_HAL_Driver/Src/stm32f2xx_hal_uart.o
 .debug_ranges  0x0000000000000798      0x188 Drivers/STM32F2xx_HAL_Driver/Src/stm32f2xx_ll_usb.o

.debug_macro    0x0000000000000000    0x1f5ec
 .debug_macro   0x0000000000000000      0x1f4 Core/Src/main.o
 .debug_macro   0x00000000000001f4      0xa5a Core/Src/main.o
 .debug_macro   0x0000000000000c4e      0x252 Core/Src/main.o
 .debug_macro   0x0000000000000ea0       0x2e Core/Src/main.o
 .debug_macro   0x0000000000000ece       0x22 Core/Src/main.o
 .debug_macro   0x0000000000000ef0       0x22 Core/Src/main.o
 .debug_macro   0x0000000000000f12       0x8e Core/Src/main.o
 .debug_macro   0x0000000000000fa0       0x51 Core/Src/main.o
 .debug_macro   0x0000000000000ff1       0xef Core/Src/main.o
 .debug_macro   0x00000000000010e0       0x6a Core/Src/main.o
 .debug_macro   0x000000000000114a      0x1df Core/Src/main.o
 .debug_macro   0x0000000000001329       0x1c Core/Src/main.o
 .debug_macro   0x0000000000001345       0x22 Core/Src/main.o
 .debug_macro   0x0000000000001367       0xc3 Core/Src/main.o
 .debug_macro   0x000000000000142a      0xe49 Core/Src/main.o
 .debug_macro   0x0000000000002273      0x11f Core/Src/main.o
 .debug_macro   0x0000000000002392    0x14fe1 Core/Src/main.o
 .debug_macro   0x0000000000017373       0x43 Core/Src/main.o
 .debug_macro   0x00000000000173b6     0x3510 Core/Src/main.o
 .debug_macro   0x000000000001a8c6      0x174 Core/Src/main.o
 .debug_macro   0x000000000001aa3a       0x53 Core/Src/main.o
 .debug_macro   0x000000000001aa8d     0x103b Core/Src/main.o
 .debug_macro   0x000000000001bac8      0x153 Core/Src/main.o
 .debug_macro   0x000000000001bc1b      0x170 Core/Src/main.o
 .debug_macro   0x000000000001bd8b      0x117 Core/Src/main.o
 .debug_macro   0x000000000001bea2      0x108 Core/Src/main.o
 .debug_macro   0x000000000001bfaa       0x27 Core/Src/main.o
 .debug_macro   0x000000000001bfd1      0x16a Core/Src/main.o
 .debug_macro   0x000000000001c13b      0x287 Core/Src/main.o
 .debug_macro   0x000000000001c3c2       0x5f Core/Src/main.o
 .debug_macro   0x000000000001c421      0x236 Core/Src/main.o
 .debug_macro   0x000000000001c657      0xccf Core/Src/main.o
 .debug_macro   0x000000000001d326      0x126 Core/Src/main.o
 .debug_macro   0x000000000001d44c      0x216 Core/Src/main.o
 .debug_macro   0x000000000001d662       0x2e Core/Src/main.o
 .debug_macro   0x000000000001d690      0x113 Core/Src/main.o
 .debug_macro   0x000000000001d7a3       0x22 Core/Src/main.o
 .debug_macro   0x000000000001d7c5       0x82 Core/Src/main.o
 .debug_macro   0x000000000001d847      0x287 Core/Src/main.o
 .debug_macro   0x000000000001dace      0x225 Core/Src/main.o
 .debug_macro   0x000000000001dcf3       0xe4 Core/Src/main.o
 .debug_macro   0x000000000001ddd7      0x12d Core/Src/main.o
 .debug_macro   0x000000000001df04      0x13c Core/Src/main.o
 .debug_macro   0x000000000001e040      0x1f0 Core/Src/stm32f2xx_hal_msp.o
 .debug_macro   0x000000000001e230      0x1fa Core/Src/stm32f2xx_it.o
 .debug_macro   0x000000000001e42a      0x1e7 Core/Src/system_stm32f2xx.o
 .debug_macro   0x000000000001e611      0x22f Drivers/STM32F2xx_HAL_Driver/Src/stm32f2xx_hal.o
 .debug_macro   0x000000000001e840      0x1e1 Drivers/STM32F2xx_HAL_Driver/Src/stm32f2xx_hal_cortex.o
 .debug_macro   0x000000000001ea21      0x1f7 Drivers/STM32F2xx_HAL_Driver/Src/stm32f2xx_hal_eth.o
 .debug_macro   0x000000000001ec18      0x219 Drivers/STM32F2xx_HAL_Driver/Src/stm32f2xx_hal_gpio.o
 .debug_macro   0x000000000001ee31      0x1ed Drivers/STM32F2xx_HAL_Driver/Src/stm32f2xx_hal_pcd.o
 .debug_macro   0x000000000001f01e      0x20b Drivers/STM32F2xx_HAL_Driver/Src/stm32f2xx_hal_rcc.o
 .debug_macro   0x000000000001f229      0x1e2 Drivers/STM32F2xx_HAL_Driver/Src/stm32f2xx_hal_uart.o
 .debug_macro   0x000000000001f40b      0x1e1 Drivers/STM32F2xx_HAL_Driver/Src/stm32f2xx_ll_usb.o

.debug_line     0x0000000000000000     0x77d5
 .debug_line    0x0000000000000000      0x770 Core/Src/main.o
 .debug_line    0x0000000000000770      0x737 Core/Src/stm32f2xx_hal_msp.o
 .debug_line    0x0000000000000ea7      0x729 Core/Src/stm32f2xx_it.o
 .debug_line    0x00000000000015d0      0x6a5 Core/Src/system_stm32f2xx.o
 .debug_line    0x0000000000001c75       0x85 Core/Startup/startup_stm32f207zgtx.o
 .debug_line    0x0000000000001cfa      0x8a4 Drivers/STM32F2xx_HAL_Driver/Src/stm32f2xx_hal.o
 .debug_line    0x000000000000259e      0x9ae Drivers/STM32F2xx_HAL_Driver/Src/stm32f2xx_hal_cortex.o
 .debug_line    0x0000000000002f4c      0xd6e Drivers/STM32F2xx_HAL_Driver/Src/stm32f2xx_hal_eth.o
 .debug_line    0x0000000000003cba      0x865 Drivers/STM32F2xx_HAL_Driver/Src/stm32f2xx_hal_gpio.o
 .debug_line    0x000000000000451f      0xbf4 Drivers/STM32F2xx_HAL_Driver/Src/stm32f2xx_hal_pcd.o
 .debug_line    0x0000000000005113      0x98e Drivers/STM32F2xx_HAL_Driver/Src/stm32f2xx_hal_rcc.o
 .debug_line    0x0000000000005aa1      0xf8e Drivers/STM32F2xx_HAL_Driver/Src/stm32f2xx_hal_uart.o
 .debug_line    0x0000000000006a2f      0xda6 Drivers/STM32F2xx_HAL_Driver/Src/stm32f2xx_ll_usb.o

.debug_str      0x0000000000000000    0xc0607
 .debug_str     0x0000000000000000    0xbd9f7 Core/Src/main.o
                                      0xbdd05 (size before relaxing)
 .debug_str     0x00000000000bd9f7       0x9f Core/Src/stm32f2xx_hal_msp.o
                                      0xbdbb1 (size before relaxing)
 .debug_str     0x00000000000bda96       0xbd Core/Src/stm32f2xx_it.o
                                      0xbcef5 (size before relaxing)
 .debug_str     0x00000000000bdb53       0xc4 Core/Src/system_stm32f2xx.o
                                      0xbcb06 (size before relaxing)
 .debug_str     0x00000000000bdc17       0x36 Core/Startup/startup_stm32f207zgtx.o
                                         0x65 (size before relaxing)
 .debug_str     0x00000000000bdc4d      0x9c0 Drivers/STM32F2xx_HAL_Driver/Src/stm32f2xx_hal.o
                                      0xbd528 (size before relaxing)
 .debug_str     0x00000000000be60d      0x394 Drivers/STM32F2xx_HAL_Driver/Src/stm32f2xx_hal_cortex.o
                                      0xbd3c8 (size before relaxing)
 .debug_str     0x00000000000be9a1      0x761 Drivers/STM32F2xx_HAL_Driver/Src/stm32f2xx_hal_eth.o
                                      0xbd6d1 (size before relaxing)
 .debug_str     0x00000000000bf102      0x1e7 Drivers/STM32F2xx_HAL_Driver/Src/stm32f2xx_hal_gpio.o
                                      0xbcd34 (size before relaxing)
 .debug_str     0x00000000000bf2e9      0x501 Drivers/STM32F2xx_HAL_Driver/Src/stm32f2xx_hal_pcd.o
                                      0xbd25f (size before relaxing)
 .debug_str     0x00000000000bf7ea      0x282 Drivers/STM32F2xx_HAL_Driver/Src/stm32f2xx_hal_rcc.o
                                      0xbcf1d (size before relaxing)
 .debug_str     0x00000000000bfa6c      0x521 Drivers/STM32F2xx_HAL_Driver/Src/stm32f2xx_hal_uart.o
                                      0xbd33e (size before relaxing)
 .debug_str     0x00000000000bff8d      0x67a Drivers/STM32F2xx_HAL_Driver/Src/stm32f2xx_ll_usb.o
                                      0xbd3da (size before relaxing)

.comment        0x0000000000000000       0x7b
 .comment       0x0000000000000000       0x7b Core/Src/main.o
                                         0x7c (size before relaxing)
 .comment       0x000000000000007b       0x7c Core/Src/stm32f2xx_hal_msp.o
 .comment       0x000000000000007b       0x7c Core/Src/stm32f2xx_it.o
 .comment       0x000000000000007b       0x7c Core/Src/system_stm32f2xx.o
 .comment       0x000000000000007b       0x7c Drivers/STM32F2xx_HAL_Driver/Src/stm32f2xx_hal.o
 .comment       0x000000000000007b       0x7c Drivers/STM32F2xx_HAL_Driver/Src/stm32f2xx_hal_cortex.o
 .comment       0x000000000000007b       0x7c Drivers/STM32F2xx_HAL_Driver/Src/stm32f2xx_hal_eth.o
 .comment       0x000000000000007b       0x7c Drivers/STM32F2xx_HAL_Driver/Src/stm32f2xx_hal_gpio.o
 .comment       0x000000000000007b       0x7c Drivers/STM32F2xx_HAL_Driver/Src/stm32f2xx_hal_pcd.o
 .comment       0x000000000000007b       0x7c Drivers/STM32F2xx_HAL_Driver/Src/stm32f2xx_hal_rcc.o
 .comment       0x000000000000007b       0x7c Drivers/STM32F2xx_HAL_Driver/Src/stm32f2xx_hal_uart.o
 .comment       0x000000000000007b       0x7c Drivers/STM32F2xx_HAL_Driver/Src/stm32f2xx_ll_usb.o

.debug_frame    0x0000000000000000     0x2960
 .debug_frame   0x0000000000000000       0xe8 Core/Src/main.o
 .debug_frame   0x00000000000000e8      0x110 Core/Src/stm32f2xx_hal_msp.o
 .debug_frame   0x00000000000001f8      0x10c Core/Src/stm32f2xx_it.o
 .debug_frame   0x0000000000000304       0x58 Core/Src/system_stm32f2xx.o
 .debug_frame   0x000000000000035c      0x384 Drivers/STM32F2xx_HAL_Driver/Src/stm32f2xx_hal.o
 .debug_frame   0x00000000000006e0      0x498 Drivers/STM32F2xx_HAL_Driver/Src/stm32f2xx_hal_cortex.o
 .debug_frame   0x0000000000000b78      0x4dc Drivers/STM32F2xx_HAL_Driver/Src/stm32f2xx_hal_eth.o
 .debug_frame   0x0000000000001054      0x14c Drivers/STM32F2xx_HAL_Driver/Src/stm32f2xx_hal_gpio.o
 .debug_frame   0x00000000000011a0      0x548 Drivers/STM32F2xx_HAL_Driver/Src/stm32f2xx_hal_pcd.o
 .debug_frame   0x00000000000016e8      0x204 Drivers/STM32F2xx_HAL_Driver/Src/stm32f2xx_hal_rcc.o
 .debug_frame   0x00000000000018ec      0x838 Drivers/STM32F2xx_HAL_Driver/Src/stm32f2xx_hal_uart.o
 .debug_frame   0x0000000000002124      0x790 Drivers/STM32F2xx_HAL_Driver/Src/stm32f2xx_ll_usb.o
 .debug_frame   0x00000000000028b4       0x2c /opt/stm32cubeide/plugins/com.st.stm32cube.ide.mcu.externaltools.gnu-tools-for-stm32.7-2018-q2-update.linux64_1.4.0.202007081208/tools/bin/../lib/gcc/arm-none-eabi/7.3.1/../../../../arm-none-eabi/lib/thumb/v7-m/libc_nano.a(lib_a-init.o)
 .debug_frame   0x00000000000028e0       0x20 /opt/stm32cubeide/plugins/com.st.stm32cube.ide.mcu.externaltools.gnu-tools-for-stm32.7-2018-q2-update.linux64_1.4.0.202007081208/tools/bin/../lib/gcc/arm-none-eabi/7.3.1/../../../../arm-none-eabi/lib/thumb/v7-m/libc_nano.a(lib_a-memset.o)
 .debug_frame   0x0000000000002900       0x2c /opt/stm32cubeide/plugins/com.st.stm32cube.ide.mcu.externaltools.gnu-tools-for-stm32.7-2018-q2-update.linux64_1.4.0.202007081208/tools/bin/../lib/gcc/arm-none-eabi/7.3.1/thumb/v7-m/libgcc.a(_aeabi_uldivmod.o)
 .debug_frame   0x000000000000292c       0x34 /opt/stm32cubeide/plugins/com.st.stm32cube.ide.mcu.externaltools.gnu-tools-for-stm32.7-2018-q2-update.linux64_1.4.0.202007081208/tools/bin/../lib/gcc/arm-none-eabi/7.3.1/thumb/v7-m/libgcc.a(_udivmoddi4.o)
